// Vitest Snapshot v1, https://vitest.dev/guide/snapshot.html

exports[`Test Rand > view state > snapshot 1`] = `
<div>
  <div>
    <p>
      This is a random number :
      13
    </p>
    <br />
    <button>
      Randomize
    </button>
  </div>
</div>
`;

exports[`Test Rand > view state > snapshot nothing 1`] = `
<div>
  <div>
    <p>
      This is a random number :
    </p>
    <br />
    <button>
      Randomize
    </button>
  </div>
</div>
`;
