// Vitest Snapshot v1, https://vitest.dev/guide/snapshot.html

exports[`Test Rest > view state > snapshot error 1`] = `ReactWrapper {}`;

exports[`Test Rest > view state > snapshot initial 1`] = `ReactWrapper {}`;

exports[`Test Rest > view state > snapshot loaded 1`] = `ReactWrapper {}`;

exports[`Test Rest view state snapshot error 1`] = `
<div>
  <p>
    This shows how to use Http and decode. Click to list commits using the github API.
  </p>
  <button
    disabled={false}
    onClick={[Function]}
  >
    List commits
  </button>
  <div
    style={
      Object {
        "minHeight": "300px",
      }
    }
  >
    <p>
      Ooops ! There was an error : 
      boom
    </p>
  </div>
</div>
`;

exports[`Test Rest view state snapshot initial 1`] = `
<div>
  <p>
    This shows how to use Http and decode. Click to list commits using the github API.
  </p>
  <button
    disabled={true}
    onClick={[Function]}
  >
    Loading...
  </button>
  <div
    style={
      Object {
        "minHeight": "300px",
      }
    }
  />
</div>
`;

exports[`Test Rest view state snapshot loaded 1`] = `
<div>
  <p>
    This shows how to use Http and decode. Click to list commits using the github API.
  </p>
  <button
    disabled={false}
    onClick={[Function]}
  >
    List commits
  </button>
  <div
    style={
      Object {
        "minHeight": "300px",
      }
    }
  >
    <ul>
      <li
        key="13131313"
      >
        13131313
         - 
        Toto
      </li>
    </ul>
  </div>
</div>
`;
